$ kubectl apply -f k8s/rbac.yaml
namespace/demo-app created
serviceaccount/vault-viewer created
role.rbac.authorization.k8s.io/viewer created
rolebinding.rbac.authorization.k8s.io/viewer-binding created
serviceaccount/vault-operator created
role.rbac.authorization.k8s.io/operator created
rolebinding.rbac.authorization.k8s.io/operator-binding created
serviceaccount/vault-admin created
role.rbac.authorization.k8s.io/admin created
rolebinding.rbac.authorization.k8s.io/admin-binding created

$ kubectl -n demo-app get sa,role,rolebinding
NAME                            AGE
serviceaccount/default          4s
serviceaccount/vault-admin      2s
serviceaccount/vault-operator   2s
serviceaccount/vault-viewer     3s

NAME                                      CREATED AT
role.rbac.authorization.k8s.io/admin      2026-09-10T10:17:31Z
role.rbac.authorization.k8s.io/operator   2026-09-10T10:17:30Z
role.rbac.authorization.k8s.io/viewer     2026-09-10T10:17:29Z

NAME                                                     ROLE            AGE
rolebinding.rbac.authorization.k8s.io/admin-binding      Role/admin      1s
rolebinding.rbac.authorization.k8s.io/operator-binding   Role/operator   2s
rolebinding.rbac.authorization.k8s.io/viewer-binding     Role/viewer     3s
