### 7b. OIDC auth method (pre-existing, org scope, primary)
$ boundary auth-methods read -id amoidc_eY8ldrT0GG
  id:             amoidc_eY8ldrT0GG
  name:           HC OKTA
  type:           oidc
  scope:          o_cr9ncHM3kS (org)
  primary:        false
  state:          active-public
  issuer:         https://trial-9050012.okta.com
  client_id:      0oa174q3bo5aaqXHr698
  signing_algs:   RS256
  api_url_prefix: https://95390bdc-e040-47df-8638-7c996c0f98f7.boundary.hashicorp.cloud
  claims_scopes:  email,groups,profile
  allowed_auds:   

### final inventory of project p_vdOVUBaoKi
$ boundary targets list -scope-id p_vdOVUBaoKi
  ttcp_fGSa9fmcIL  eks-api-admin
  ttcp_pOHfiqkgLC  eks-api-operator
  ttcp_QL8eAjhITq  eks-api-viewer
$ boundary roles list -scope-id p_vdOVUBaoKi
  r_a9ScQSrj03  admin
  r_v2o8dZkjCz  operator
  r_YjeO9HWZey  viewer
  r_zWxd9Jq17q  Administration
$ boundary managed-groups list -auth-method-id amoidc_eY8ldrT0GG
  mgoidc_2KNhP1ZYCz  admins  members=0
  mgoidc_EJxucON49R  operators  members=0
  mgoidc_tnj4qkxCc2  viewers  members=0
